// Jest Snapshot v1, https://goo.gl/fbAQLP

exports[`DateForms empty form renders correctly 1`] = `
ShallowWrapper {
  Symbol(enzyme.__root__): [Circular],
  Symbol(enzyme.__unrendered__): <DatesForm />,
  Symbol(enzyme.__renderer__): Object {
    "batchedUpdates": [Function],
    "getNode": [Function],
    "render": [Function],
    "simulateError": [Function],
    "simulateEvent": [Function],
    "unmount": [Function],
  },
  Symbol(enzyme.__node__): Object {
    "instance": null,
    "key": undefined,
    "nodeType": "host",
    "props": Object {
      "children": Array [
        Array [
          <div>
            <SelectedRange
                        range={
                                    Object {
                                                "end": null,
                                                "start": null,
                                              }
                        }
            />
            <Calendar
                        activeMonth={2018-08-29T22:00:00.000Z}
                        blockClassName="calendar"
                        mode="range"
                        onSelect={[Function]}
                        selected={null}
                        weekStartsOn={1}
            />
            <button
                        className="button-delete"
                        disabled={true}
                        onClick={[Function]}
            >
                        Delete
            </button>
</div>,
        ],
        <button
          className="button-add"
          onClick={[Function]}
>
          Add more
</button>,
        false,
      ],
    },
    "ref": null,
    "rendered": Array [
      Object {
        "instance": null,
        "key": "0",
        "nodeType": "host",
        "props": Object {
          "children": Array [
            <SelectedRange
              range={
                            Object {
                                          "end": null,
                                          "start": null,
                                        }
              }
/>,
            <Calendar
              activeMonth={2018-08-29T22:00:00.000Z}
              blockClassName="calendar"
              mode="range"
              onSelect={[Function]}
              selected={null}
              weekStartsOn={1}
/>,
            <button
              className="button-delete"
              disabled={true}
              onClick={[Function]}
>
              Delete
</button>,
          ],
        },
        "ref": null,
        "rendered": Array [
          Object {
            "instance": null,
            "key": undefined,
            "nodeType": "function",
            "props": Object {
              "range": Object {
                "end": null,
                "start": null,
              },
            },
            "ref": null,
            "rendered": null,
            "type": [Function],
          },
          Object {
            "instance": null,
            "key": undefined,
            "nodeType": "class",
            "props": Object {
              "activeMonth": 2018-08-29T22:00:00.000Z,
              "blockClassName": "calendar",
              "mode": "range",
              "onSelect": [Function],
              "selected": null,
              "weekStartsOn": 1,
            },
            "ref": null,
            "rendered": null,
            "type": [Function],
          },
          Object {
            "instance": null,
            "key": undefined,
            "nodeType": "host",
            "props": Object {
              "children": "Delete",
              "className": "button-delete",
              "disabled": true,
              "onClick": [Function],
            },
            "ref": null,
            "rendered": "Delete",
            "type": "button",
          },
        ],
        "type": "div",
      },
      Object {
        "instance": null,
        "key": undefined,
        "nodeType": "host",
        "props": Object {
          "children": "Add more",
          "className": "button-add",
          "onClick": [Function],
        },
        "ref": null,
        "rendered": "Add more",
        "type": "button",
      },
      false,
    ],
    "type": "div",
  },
  Symbol(enzyme.__nodes__): Array [
    Object {
      "instance": null,
      "key": undefined,
      "nodeType": "host",
      "props": Object {
        "children": Array [
          Array [
            <div>
              <SelectedRange
                            range={
                                          Object {
                                                        "end": null,
                                                        "start": null,
                                                      }
                            }
              />
              <Calendar
                            activeMonth={2018-08-29T22:00:00.000Z}
                            blockClassName="calendar"
                            mode="range"
                            onSelect={[Function]}
                            selected={null}
                            weekStartsOn={1}
              />
              <button
                            className="button-delete"
                            disabled={true}
                            onClick={[Function]}
              >
                            Delete
              </button>
</div>,
          ],
          <button
            className="button-add"
            onClick={[Function]}
>
            Add more
</button>,
          false,
        ],
      },
      "ref": null,
      "rendered": Array [
        Object {
          "instance": null,
          "key": "0",
          "nodeType": "host",
          "props": Object {
            "children": Array [
              <SelectedRange
                range={
                                Object {
                                                "end": null,
                                                "start": null,
                                              }
                }
/>,
              <Calendar
                activeMonth={2018-08-29T22:00:00.000Z}
                blockClassName="calendar"
                mode="range"
                onSelect={[Function]}
                selected={null}
                weekStartsOn={1}
/>,
              <button
                className="button-delete"
                disabled={true}
                onClick={[Function]}
>
                Delete
</button>,
            ],
          },
          "ref": null,
          "rendered": Array [
            Object {
              "instance": null,
              "key": undefined,
              "nodeType": "function",
              "props": Object {
                "range": Object {
                  "end": null,
                  "start": null,
                },
              },
              "ref": null,
              "rendered": null,
              "type": [Function],
            },
            Object {
              "instance": null,
              "key": undefined,
              "nodeType": "class",
              "props": Object {
                "activeMonth": 2018-08-29T22:00:00.000Z,
                "blockClassName": "calendar",
                "mode": "range",
                "onSelect": [Function],
                "selected": null,
                "weekStartsOn": 1,
              },
              "ref": null,
              "rendered": null,
              "type": [Function],
            },
            Object {
              "instance": null,
              "key": undefined,
              "nodeType": "host",
              "props": Object {
                "children": "Delete",
                "className": "button-delete",
                "disabled": true,
                "onClick": [Function],
              },
              "ref": null,
              "rendered": "Delete",
              "type": "button",
            },
          ],
          "type": "div",
        },
        Object {
          "instance": null,
          "key": undefined,
          "nodeType": "host",
          "props": Object {
            "children": "Add more",
            "className": "button-add",
            "onClick": [Function],
          },
          "ref": null,
          "rendered": "Add more",
          "type": "button",
        },
        false,
      ],
      "type": "div",
    },
  ],
  Symbol(enzyme.__options__): Object {
    "adapter": ReactSixteenAdapter {
      "options": Object {
        "enableComponentDidUpdateOnSetState": true,
        "lifecycles": Object {
          "componentDidUpdate": Object {
            "onSetState": true,
          },
          "getDerivedStateFromProps": true,
          "getSnapshotBeforeUpdate": true,
          "setState": Object {
            "skipsComponentDidUpdateOnNullish": true,
          },
        },
      },
    },
  },
}
`;
